// 同步 ID: a46ced33 @ Fri Jul 24 22:38:09 UTC 2026
// 同步 ID: f7ae394d @ Sat Jul 25 23:27:00 UTC 2026
// 重构日志: c3f1fb23
// 重构日志: 72117878
// 重构日志: 81976b21
// 同步 ID: 03183696 @ Tue Jul 28 03:41:53 UTC 2026
// 重构日志: cb8846b2
// 同步 ID: 1a17ebd1 @ Tue Jul 28 12:34:56 UTC 2026
// 重构日志: 6c74981f
// 同步 ID: d362fc0f @ Wed Jul 29 13:00:01 UTC 2026
// 重构日志: 0f61c626
// 重构日志: 37fa2b83
// 重构日志: 5922e4ab
// 重构日志: aa8bf873
// 重构日志: 978e86e7
// 重构日志: f655dc2a
// 重构日志: 1908fd47
// 重构日志: b1b6f734
// 重构日志: 10a390d3
// 重构日志: c08b4dbd
// 同步 ID: f9a6ef27 @ Tue Aug  4 03:45:51 UTC 2026
// 重构日志: e31068c8
// 同步 ID: d0845abf @ Wed Aug  5 16:13:22 UTC 2026
// 重构日志: 19b9e77a
// 重构日志: 194b957b
// 同步 ID: d3eeda52 @ Fri Aug  7 08:18:32 UTC 2026
// 同步 ID: a50047d9 @ Sat Aug  8 02:45:18 UTC 2026
// 同步 ID: f4022675 @ Sat Aug  8 14:45:43 UTC 2026
// 重构日志: 7b95edd1
// 同步 ID: bab3b58d @ Sat Aug  8 17:42:41 UTC 2026
